{
    "registration - antsRegistration": {
        "content": [
            "test__t1_warped.nii.gz:md5:header,e327665710b9c0888bf345a10a73c20f,data,1e29233890cb0b9cd0420d581cc77397",
            [
                [
                    {
                        "id": "test",
                        "single_end": false
                    },
                    "test__output1Warp.nii.gz:md5,f896e4fef21f26c84bf834afd7fb5d55",
                    "test__output0GenericAffine.mat:md5,043decee0d131e79a802e3dcc61c22f0"
                ]
            ],
            [
                [
                    {
                        "id": "test",
                        "single_end": false
                    },
                    "test__output0GenericAffine.mat:md5,043decee0d131e79a802e3dcc61c22f0",
                    "test__output1InverseWarp.nii.gz:md5,62d6287e60dd36ffd477e71061f23077"
                ]
            ],
            [
                "versions.yml:md5,9c255f4c751382be7bf6fe6ffb0d635d"
            ]
        ],
        "meta": {
            "nf-test": "0.9.0-rc1",
            "nextflow": "24.04.4"
        },
        "timestamp": "2024-09-13T15:55:40.238221"
    },
    "registration - SyNQuick": {
        "content": [
            "test__warped.nii.gz:md5:header,e327665710b9c0888bf345a10a73c20f,data,61793ed987f5eac9779dd84acc189f9a",
            [
                [
                    {
                        "id": "test",
                        "single_end": false
                    },
                    [
                        "test__output0Warp.nii.gz:md5,61436a721b29633474255640b5e44f7f",
                        "test__output1GenericAffine.mat:md5,3946e4d33c15911a9a1d72374fdbe4df"
                    ]
                ]
            ],
            [
                [
                    {
                        "id": "test",
                        "single_end": false
                    },
                    [
                        "test__output0InverseAffine.mat:md5,b30458b37b728d8ce97890b391ad9df9",
                        "test__output1InverseWarp.nii.gz:md5,278d1774561435ff0a3ec239872b74e5"
                    ]
                ]
            ],
            [
                "versions.yml:md5,96376b8bc28640eef565e7f1e258dbb2"
            ]
        ],
        "meta": {
            "nf-test": "0.9.0-rc1",
            "nextflow": "24.04.4"
        },
        "timestamp": "2024-09-13T15:55:52.86551"
    }
}