{
    "registration - easyreg": {
        "content": [
            "test_reference_segmentation.nii.gz:md5:header,b3c282f86451ca606b428bd9ffcacd10,data,6b5ed67cf63a32966fee1ae179539053",
            "test_floating_segmentation.nii.gz:md5:header,ff063c025479983639fd545e1e8fd690,data,7e70ecf0bdb68271b0f9a0aa22711365",
            "test_reference_registered.nii.gz:md5:header,83b3e1eaaaa72c367ffcdd4cfa002406,data,fcbb08556a5d6950d79d661900c1b1c8",
            "test_floating_registered.nii.gz:md5:header,c5e41f89848f91c53a9a7be44970d4b1,data,236aff072c85b1405d1d3095f7a5267b",
            "test_forward_field.nii.gz:md5:header,74c92ee4cd3c4abfecf3da6cdb1d4650,data,2826360a14ad92253cea497bb2e5d055",
            "test_backward_field.nii.gz:md5:header,2184515d220e6c1eeb48adae2134ce7e,data,06b7b17a98829d7c75f3e1ebb77cfdc2",
            [
                "versions.yml:md5,4661210880c42a986923e8257f64c760"
            ]
        ],
        "meta": {
            "nf-test": "0.9.0-rc1",
            "nextflow": "24.04.4"
        },
        "timestamp": "2024-09-11T14:02:22.638457"
    }
}