{
    "registration - synthregistration": {
        "content": [
            "test__output_warped.nii.gz:md5,b8f38768bc1e0860593f3282c41f1551",
            "test__deform_warp.nii.gz:md5,a7b8ffcf75af954087b4993717db90c0",
            "test__init_warp.lta:md5,8759b302c2609351b3467ef4ceaac0af",
            [
                "versions.yml:md5,49fb9c85da9f696926d1ab46ef0968fb"
            ]
        ],
        "meta": {
            "nf-test": "0.9.0-rc1",
            "nextflow": "24.04.4"
        },
        "timestamp": "2024-08-15T17:53:02.358738"
    }
}